// Jest Snapshot v1, https://goo.gl/fbAQLP

exports[`reducers canvas should handle DECREMENT_COUNTER 1`] = `0`;

exports[`reducers canvas should handle INCREMENT_COUNTER 1`] = `2`;

exports[`reducers canvas should handle initial state 1`] = `0`;

exports[`reducers canvas should handle unknown action type 1`] = `1`;
